// Jest Snapshot v1, https://goo.gl/fbAQLP

exports[`sb3 -> scratch-js 1`] = `
Object {
  "Abby/Abby.mjs": "import {
  Sprite,
  Trigger,
  Costume
} from \\"https://pulljosh.github.io/scratch-js/scratch-js/index.mjs\\";

export default class Abby extends Sprite {
  constructor(...args) {
    super(...args);

    this.costumes = [
      new Costume(\\"abbyA\\", \\"./Abby/costumes/abbyA.svg\\", { x: 62, y: 200 }),
      new Costume(\\"abbyB\\", \\"./Abby/costumes/abbyB.svg\\", { x: 62, y: 200 }),
      new Costume(\\"abbyC\\", \\"./Abby/costumes/abbyC.svg\\", { x: 64, y: 200 }),
      new Costume(\\"abbyD\\", \\"./Abby/costumes/abbyD.svg\\", { x: 64, y: 202 })
    ];

    this.triggers = [
      new Trigger(
        Trigger.KEY_PRESSED,
        { key: \\"any\\" },
        this.whenKeyAnyPressed.bind(this)
      )
    ];
  }

  *startAsClone(g, s) {
    this.move(10);
  }

  *whenKeyAnyPressed(g, s) {
    this.direction += this.costumeNumber;
    this.direction -= 15;
    this.goto(this.random(-240, 240), this.random(-180, 180));
    this.goto(this.y, -23);
    yield* this.glide(1, this.mouse.x, this.mouse.y);
    yield* this.glide(1, -36, this.x);
    this.direction = 90;
    /* TODO: Implement motion_pointtowards */ this.x += this.direction;
    this.x = -36;
    this.y += 10;
    this.y = -23;
    /* TODO: Implement motion_ifonedgebounce */
    /* TODO: Implement motion_setrotationstyle */
    /* TODO: Implement control_create_clone_of */
    /* TODO: Implement control_delete_this_clone */
  }
}
",
  "index.mjs": "import { Project } from \\"https://pulljosh.github.io/scratch-js/scratch-js/index.mjs\\";

import Stage from \\"./Stage/Stage.mjs\\";

import Abby from \\"./Abby/Abby.mjs\\";

const stage = new Stage();

const sprites = [
  new Abby({
    x: -36,
    y: -23,
    direction: 90,
    costumeNumber: 0,
    size: 100,
    visible: true
  })
];

const project = new Project(stage, sprites);

project.run();
",
}
`;
